
*************** JDFTx 1.7.0 (git hash c3f005b2) ***************

Start date and time: Fri Jan  3 07:50:12 2025
Executable /global/cfs/cdirs/m4025/Software/Perlmutter/JDFTx/build-gpu/jdftx_gpu with command-line: -i init.in -o jdftx.out
Running on hosts (process indices):  nid200285 (0)
Divided in process groups (process indices):  0 (0)
gpuInit: Found compatible cuda device 0 'NVIDIA A100-SXM4-80GB'
gpuInit: Selected device 0
Resource initialization completed at t[s]:      0.43
Run totals: 1 processes, 64 threads, 1 GPUs


Input parsed successfully to the following command list (including defaults):

band-projection-params yes no
basis kpoint-dependent
converge-empty-states yes
coords-type Cartesian
core-overlap-check none
coulomb-interaction Periodic
davidson-band-ratio 1.1
dump End State Forces ElecDensity KEdensity Dtot VfluidTot BandEigs BandProjections EigStats Ecomponents BoundCharge DOS
dump-name jdftx.$VAR
elec-cutoff 20 100
elec-eigen-algo Davidson
elec-ex-corr gga-PBE
elec-n-bands 14
elec-smearing Fermi 0.001
electronic-minimize  \
	dirUpdateScheme      FletcherReeves \
	linminMethod         DirUpdateRecommended \
	nIterations          100 \
	history              15 \
	knormThreshold       0 \
	maxThreshold         no \
	energyDiffThreshold  1e-07 \
	nEnergyDiff          2 \
	convergeAll          no \
	alphaTstart          1 \
	alphaTmin            1e-10 \
	updateTestStepSize   yes \
	alphaTreduceFactor   0.1 \
	alphaTincreaseFactor 3 \
	nAlphaAdjustMax      3 \
	wolfeEnergy          0.0001 \
	wolfeGradient        0.9 \
	abortOnFailedStep    no \
	fdTest               no
exchange-regularization WignerSeitzTruncated
fluid None
fluid-ex-corr lda-TF lda-PZ
fluid-gummel-loop 10 1.000000e-05
fluid-minimize  \
	dirUpdateScheme      PolakRibiere \
	linminMethod         DirUpdateRecommended \
	nIterations          100 \
	history              15 \
	knormThreshold       0 \
	maxThreshold         no \
	energyDiffThreshold  0 \
	nEnergyDiff          2 \
	convergeAll          no \
	alphaTstart          1 \
	alphaTmin            1e-10 \
	updateTestStepSize   yes \
	alphaTreduceFactor   0.1 \
	alphaTincreaseFactor 3 \
	nAlphaAdjustMax      3 \
	wolfeEnergy          0.0001 \
	wolfeGradient        0.9 \
	abortOnFailedStep    no \
	fdTest               no
fluid-solvent H2O 55.338 ScalarEOS \
	epsBulk 78.4 \
	pMol 0.92466 \
	epsInf 1.77 \
	Pvap 1.06736e-10 \
	sigmaBulk 4.62e-05 \
	Rvdw 2.61727 \
	Res 1.42 \
	tauNuc 343133 \
	poleEl 15 7 1
forces-output-coords Positions
initial-magnetic-moments  \
	H 0 0 \
	O 0
ion H  11.188757674335998   9.351360300044998   9.448630623128999 1
ion H   8.883291802292998  11.089908334699999   9.448630623128999 1
ion O   9.374620594694997   9.351360300044998   9.448630623128999 1
ion-species GBRV_v1.5/$ID_pbe_v1.uspp
ion-width 0
ionic-minimize  \
	dirUpdateScheme      L-BFGS \
	linminMethod         DirUpdateRecommended \
	nIterations          0 \
	history              15 \
	knormThreshold       0.0001 \
	maxThreshold         no \
	energyDiffThreshold  1e-06 \
	nEnergyDiff          2 \
	convergeAll          no \
	alphaTstart          1 \
	alphaTmin            1e-10 \
	updateTestStepSize   yes \
	alphaTreduceFactor   0.1 \
	alphaTincreaseFactor 3 \
	nAlphaAdjustMax      3 \
	wolfeEnergy          0.0001 \
	wolfeGradient        0.9 \
	abortOnFailedStep    no \
	fdTest               no
kpoint   0.000000000000   0.000000000000   0.000000000000  1.00000000000000
kpoint-folding 6 6 6 
latt-move-scale 0 0 0
latt-scale 1 1 1 
lattice  \
	  18.897261246258001    0.000000000000000    0.000000000000000  \
	   0.000000000000000   18.897261246258001    0.000000000000000  \
	   0.000000000000000    0.000000000000000   18.897261246258001 
lattice-minimize  \
	dirUpdateScheme      L-BFGS \
	linminMethod         DirUpdateRecommended \
	nIterations          0 \
	history              15 \
	knormThreshold       0 \
	maxThreshold         no \
	energyDiffThreshold  1e-06 \
	nEnergyDiff          2 \
	convergeAll          no \
	alphaTstart          1 \
	alphaTmin            1e-10 \
	updateTestStepSize   yes \
	alphaTreduceFactor   0.1 \
	alphaTincreaseFactor 3 \
	nAlphaAdjustMax      3 \
	wolfeEnergy          0.0001 \
	wolfeGradient        0.9 \
	abortOnFailedStep    no \
	fdTest               no
lcao-params -1 1e-06 0.001
pcm-variant GLSSA13
perturb-minimize  \
	nIterations            0 \
	algorithm              MINRES \
	residualTol            0.0001 \
	residualDiffThreshold  0.0001 \
	CGBypass               no \
	recomputeResidual      no
spintype z-spin
subspace-rotation-factor 1 yes
symmetries none
symmetry-threshold 0.0001
van-der-waals D3


Applied RMS atom displacement 0 bohrs to make symmetries exact.

---------- Initializing the Grid ----------
R = 
[      18.8973            0            0  ]
[            0      18.8973            0  ]
[            0            0      18.8973  ]
unit cell volume = 6748.33
G =
[   0.332492          0          0  ]
[          0   0.332492          0  ]
[          0          0   0.332492  ]
Minimum fftbox size, Smin = [  88  88  88  ]
Chosen fftbox size, S = [  90  90  90  ]

---------- Initializing tighter grid for wavefunction operations ----------
R = 
[      18.8973            0            0  ]
[            0      18.8973            0  ]
[            0            0      18.8973  ]
unit cell volume = 6748.33
G =
[   0.332492          0          0  ]
[          0   0.332492          0  ]
[          0          0   0.332492  ]
Minimum fftbox size, Smin = [  80  80  80  ]
Chosen fftbox size, S = [  80  80  80  ]

---------- Exchange Correlation functional ----------
Initalized PBE GGA exchange.
Initalized PBE GGA correlation.

---------- Setting up pseudopotentials ----------
Width of ionic core gaussian charges (only for fluid interactions / plotting) set to 0

Reading pseudopotential file '/global/cfs/cdirs/m4025/Software/Perlmutter/JDFTx/build-gpu/pseudopotentials/GBRV_v1.5/h_pbe_v1.uspp':
  Title: H.  Created by USPP 7.3.6 on 2-4-15
  Reference state energy: -0.458849.  1 valence electrons in orbitals:
    |100>  occupation: 1  eigenvalue: -0.238595
  lMax: 0  lLocal: 1  QijEcut: 6
  2 projectors sampled on a log grid with 395 points:
    l: 0  eig: -0.238595  rCut: 1.2
    l: 0  eig: 1.000000  rCut: 1.2
  Transforming local potential to a uniform radial grid of dG=0.02 with 1301 points.
  Transforming nonlocal projectors to a uniform radial grid of dG=0.02 with 432 points.
  Transforming density augmentations to a uniform radial grid of dG=0.02 with 1301 points.
  Transforming atomic orbitals to a uniform radial grid of dG=0.02 with 432 points.
  Core radius for overlap checks: 1.20 bohrs.

Reading pseudopotential file '/global/cfs/cdirs/m4025/Software/Perlmutter/JDFTx/build-gpu/pseudopotentials/GBRV_v1.5/o_pbe_v1.uspp':
  Title: O.  Created by USPP 7.3.6 on 3-2-2014
  Reference state energy: -15.894388.  6 valence electrons in orbitals:
    |200>  occupation: 2  eigenvalue: -0.878823
    |210>  occupation: 4  eigenvalue: -0.332131
  lMax: 2  lLocal: 2  QijEcut: 6
  5 projectors sampled on a log grid with 511 points:
    l: 0  eig: -0.878823  rCut: 1.25
    l: 0  eig: 0.000000  rCut: 1.25
    l: 1  eig: -0.332132  rCut: 1.25
    l: 1  eig: 0.000000  rCut: 1.25
    l: 2  eig: 1.000000  rCut: 1.25
  Partial core density with radius 0.7
  Transforming core density to a uniform radial grid of dG=0.02 with 1301 points.
  Transforming local potential to a uniform radial grid of dG=0.02 with 1301 points.
  Transforming nonlocal projectors to a uniform radial grid of dG=0.02 with 432 points.
  Transforming density augmentations to a uniform radial grid of dG=0.02 with 1301 points.
  Transforming atomic orbitals to a uniform radial grid of dG=0.02 with 432 points.
  Core radius for overlap checks: 1.25 bohrs.

Initialized 2 species with 3 total atoms.

Folded 1 k-points by 6x6x6 to 216 k-points.

---------- Setting up k-points, bands, fillings ----------
No reducable k-points. 
Computing the number of bands and number of electrons
Calculating initial fillings.
nElectrons:   8.000000   nBands: 14   nStates: 432

----- Setting up reduced wavefunction bases (one per k-point) -----
average nbasis = 28829.245 , ideal nbasis = 28829.399

----- Initializing Supercell corresponding to k-point mesh -----
Lattice vector linear combinations in supercell:
[   6   0   0  ]
[   0   6   0  ]
[   0   0   6  ]
Supercell lattice vectors:
[  113.384  0  0  ]
[  0  113.384  0  ]
[  0  0  113.384  ]

Initializing DFT-D3 calculator:
	Parameters set for gga-PBE functional
	s6:  1.000  s_r6:  1.217
	s8:  0.722  s_r8:  1.000
	Per-atom parameters loaded for:
	 H:  sqrtQ[a0]:  2.007  Rcov[a0]:  0.605  CN: [ 0.91 0.00 ]
	 O:  sqrtQ[a0]:  2.594  Rcov[a0]:  1.191  CN: [ 0.00 0.99 1.99 ]

---------- Setting up ewald sum ----------
Optimum gaussian width for ewald sums = 6.277529 bohr.
Real space sum over 1331 unit cells with max indices [  5  5  5  ]
Reciprocal space sum over 2197 terms with max indices [  6  6  6  ]

Computing DFT-D3 correction:
# coordination-number H 0.995 0.995
# coordination-number O 1.989
# diagonal-C6 H 3.09 3.09
# diagonal-C6 O 10.41
EvdW_6 =   -0.000006
EvdW_8 =   -0.000004

---------- Allocating electronic variables ----------
Initializing wave functions:  linear combination of atomic orbitals
Note: number of bands (14) exceeds available atomic orbitals (6)
H pseudo-atom occupations:   s ( 1 )
O pseudo-atom occupations:   s ( 2 )  p ( 4 )
	FillingsUpdate:  mu: -0.070537901  nElectrons: 8.000000  magneticMoment: [ Abs: 0.00036  Tot: +0.00000 ]
LCAOMinimize: Iter:   0  F: -17.0448589788822105  |grad|_K:  1.731e-03  alpha:  1.000e+00
	FillingsUpdate:  mu: -0.100000000  nElectrons: 8.000000  magneticMoment: [ Abs: 0.00045  Tot: -0.00000 ]
LCAOMinimize: Iter:   1  F: -17.1140192748833080  |grad|_K:  1.403e-04  alpha:  4.748e-01  linmin: -4.351e-01  cgtest:  7.627e-01  t[s]:     58.77
LCAOMinimize: Encountered beta<0, resetting CG.
	FillingsUpdate:  mu: -0.100000000  nElectrons: 8.000000  magneticMoment: [ Abs: 0.00050  Tot: +0.00000 ]
LCAOMinimize: Iter:   2  F: -17.1145194942793637  |grad|_K:  4.081e-05  alpha:  6.044e-01  linmin:  2.156e-02  cgtest: -9.978e-02  t[s]:     69.81
	FillingsUpdate:  mu: -0.100000000  nElectrons: 8.000000  magneticMoment: [ Abs: 0.00051  Tot: +0.00000 ]
LCAOMinimize: Iter:   3  F: -17.1145684699507648  |grad|_K:  5.995e-06  alpha:  7.160e-01  linmin: -4.757e-03  cgtest:  4.071e-01  t[s]:     80.80
LCAOMinimize: Encountered beta<0, resetting CG.
	FillingsUpdate:  mu: -0.100000000  nElectrons: 8.000000  magneticMoment: [ Abs: 0.00050  Tot: +0.00000 ]
LCAOMinimize: Iter:   4  F: -17.1145692435486581  |grad|_K:  9.648e-07  alpha:  5.085e-01  linmin: -1.123e-04  cgtest:  1.645e-04  t[s]:     91.77
	FillingsUpdate:  mu: -0.100000000  nElectrons: 8.000000  magneticMoment: [ Abs: 0.00051  Tot: +0.00000 ]
LCAOMinimize: Iter:   5  F: -17.1145692771733735  |grad|_K:  2.158e-08  alpha:  8.533e-01  linmin:  1.702e-03  cgtest: -1.620e-02  t[s]:    102.91
LCAOMinimize: Converged (|Delta F|<1.000000e-06 for 2 iters).


---- Citations for features of the code used in this run ----

   Software package:
      R. Sundararaman, K. Letchworth-Weaver, K.A. Schwarz, D. Gunceler, Y. Ozhabes and T.A. Arias, 'JDFTx: software for joint density-functional theory', SoftwareX 6, 278 (2017)

   gga-PBE exchange-correlation functional:
      J.P. Perdew, K. Burke and M. Ernzerhof, Phys. Rev. Lett. 77, 3865 (1996)

   Pseudopotentials:
      KF Garrity, JW Bennett, KM Rabe and D Vanderbilt, Comput. Mater. Sci. 81, 446 (2014)

   DFT-D3 dispersion correction:
      S. Grimme, J. Antony, S. Ehrlich and H. Krieg, J. Chem. Phys. 132, 154104 (2010)

   Total energy minimization with Auxiliary Hamiltonian:
      C. Freysoldt, S. Boeck, and J. Neugebauer, Phys. Rev. B 79, 241103(R) (2009)

   Linear-tetrahedron sampling for density of states:
      G. Lehmann and M. Taut, Phys. status solidi (b) 54, 469 (1972)

   Smooth electrostatic potentials by atom-potential subtraction:
      R. Sundararaman and Y. Ping, J. Chem. Phys. 146, 104109 (2017)

This list may not be complete. Please suggest additional citations or
report any other bugs at https://github.com/shankar1729/jdftx/issues

Initialization completed successfully at t[s]:    104.32


Computing DFT-D3 correction:
# coordination-number H 0.995 0.995
# coordination-number O 1.989
# diagonal-C6 H 3.09 3.09
# diagonal-C6 O 10.41
EvdW_6 =   -0.000006
EvdW_8 =   -0.000004

-------- Electronic minimization -----------
	FillingsUpdate:  mu: -0.100000000  nElectrons: 8.000000  magneticMoment: [ Abs: 0.00051  Tot: +0.00000 ]
ElecMinimize: Iter:   0  F: -17.114569277173366  |grad|_K:  3.530e-05  alpha:  1.000e+00
	FillingsUpdate:  mu: -0.100000000  nElectrons: 8.000000  magneticMoment: [ Abs: 0.00029  Tot: -0.00000 ]
	SubspaceRotationAdjust: set factor to 1
ElecMinimize: Iter:   1  F: -17.241472816750260  |grad|_K:  1.348e-05  alpha:  5.807e-01  linmin:  9.572e-04  t[s]:    130.90
	FillingsUpdate:  mu: -0.100000000  nElectrons: 8.000000  magneticMoment: [ Abs: 0.00013  Tot: -0.00000 ]
	SubspaceRotationAdjust: set factor to 0.952
ElecMinimize: Iter:   2  F: -17.260263857249338  |grad|_K:  7.250e-06  alpha:  6.019e-01  linmin: -2.520e-05  t[s]:    147.56
	FillingsUpdate:  mu: -0.100000000  nElectrons: 8.000000  magneticMoment: [ Abs: 0.00010  Tot: +0.00000 ]
	SubspaceRotationAdjust: set factor to 0.989
ElecMinimize: Iter:   3  F: -17.265758383496582  |grad|_K:  3.324e-06  alpha:  5.984e-01  linmin:  1.447e-04  t[s]:    164.50
	FillingsUpdate:  mu: -0.100000000  nElectrons: 8.000000  magneticMoment: [ Abs: 0.00010  Tot: +0.00000 ]
	SubspaceRotationAdjust: set factor to 0.969
ElecMinimize: Iter:   4  F: -17.267099828129879  |grad|_K:  1.510e-06  alpha:  7.141e-01  linmin:  4.614e-05  t[s]:    181.49
	FillingsUpdate:  mu: -0.100000000  nElectrons: 8.000000  magneticMoment: [ Abs: 0.00008  Tot: +0.00000 ]
	SubspaceRotationAdjust: set factor to 0.956
ElecMinimize: Iter:   5  F: -17.267419116310801  |grad|_K:  7.614e-07  alpha:  8.161e-01  linmin:  1.827e-05  t[s]:    198.48
	FillingsUpdate:  mu: -0.100000000  nElectrons: 8.000000  magneticMoment: [ Abs: 0.00005  Tot: +0.00000 ]
	SubspaceRotationAdjust: set factor to 1
ElecMinimize: Iter:   6  F: -17.267494504818337  |grad|_K:  4.148e-07  alpha:  7.540e-01  linmin:  2.962e-06  t[s]:    215.13
	FillingsUpdate:  mu: -0.100000000  nElectrons: 8.000000  magneticMoment: [ Abs: 0.00002  Tot: +0.00000 ]
	SubspaceRotationAdjust: set factor to 0.976
ElecMinimize: Iter:   7  F: -17.267516863457423  |grad|_K:  2.386e-07  alpha:  7.471e-01  linmin:  2.883e-06  t[s]:    231.84
	FillingsUpdate:  mu: -0.100000000  nElectrons: 8.000000  magneticMoment: [ Abs: 0.00001  Tot: +0.00000 ]
	SubspaceRotationAdjust: set factor to 0.939
ElecMinimize: Iter:   8  F: -17.267523195597299  |grad|_K:  1.365e-07  alpha:  6.400e-01  linmin:  8.419e-07  t[s]:    248.64
	FillingsUpdate:  mu: -0.100000000  nElectrons: 8.000000  magneticMoment: [ Abs: 0.00001  Tot: +0.00000 ]
	SubspaceRotationAdjust: set factor to 1
ElecMinimize: Iter:   9  F: -17.267525467661294  |grad|_K:  7.070e-08  alpha:  7.010e-01  linmin:  1.293e-06  t[s]:    265.45
	FillingsUpdate:  mu: -0.100000000  nElectrons: 8.000000  magneticMoment: [ Abs: 0.00001  Tot: +0.00000 ]
	SubspaceRotationAdjust: set factor to 1.04
ElecMinimize: Iter:  10  F: -17.267526168468503  |grad|_K:  3.570e-08  alpha:  8.065e-01  linmin:  1.003e-06  t[s]:    282.33
	FillingsUpdate:  mu: -0.100000000  nElectrons: 8.000000  magneticMoment: [ Abs: 0.00000  Tot: -0.00000 ]
	SubspaceRotationAdjust: set factor to 1.05
ElecMinimize: Iter:  11  F: -17.267526347738659  |grad|_K:  1.824e-08  alpha:  8.085e-01  linmin:  3.841e-07  t[s]:    299.11
	FillingsUpdate:  mu: -0.100000000  nElectrons: 8.000000  magneticMoment: [ Abs: 0.00000  Tot: +0.00000 ]
	SubspaceRotationAdjust: set factor to 1.1
ElecMinimize: Iter:  12  F: -17.267526394938869  |grad|_K:  9.406e-09  alpha:  8.147e-01  linmin:  1.573e-07  t[s]:    315.99
	FillingsUpdate:  mu: -0.100000000  nElectrons: 8.000000  magneticMoment: [ Abs: 0.00000  Tot: -0.00000 ]
	SubspaceRotationAdjust: set factor to 1.11
ElecMinimize: Iter:  13  F: -17.267526406708988  |grad|_K:  5.399e-09  alpha:  7.636e-01  linmin:  5.853e-08  t[s]:    332.77
ElecMinimize: Converged (|Delta F|<1.000000e-07 for 2 iters).
Setting wave functions to eigenvectors of Hamiltonian
Converging empty states (this may take a while): |deigs|: 2.927e-02

Computing DFT-D3 correction:
# coordination-number H 0.995 0.995
# coordination-number O 1.989
# diagonal-C6 H 3.09 3.09
# diagonal-C6 O 10.41
EvdW_6 =   -0.000006
EvdW_8 =   -0.000004

# Ionic positions in cartesian coordinates:
ion H  11.188757674335998   9.351360300044998   9.448630623128999 1
ion H   8.883291802292998  11.089908334699999   9.448630623128999 1
ion O   9.374620594694997   9.351360300044998   9.448630623128999 1

# Forces in Cartesian coordinates:
force H   0.019947039595514   0.001758167919824  -0.000000692490429 1
force H  -0.004991075812230   0.024231079259057   0.000000433838985 1
force O  -0.015062299167333  -0.026072341368039   0.000000050302803 1

# Energy components:
   Eewald =        2.1850878743210478
       EH =       16.6528993540915202
     Eloc =      -42.4229877994974132
      Enl =        2.2334872248554629
     EvdW =       -0.0000092566550215
      Exc =       -4.3589166411073981
 Exc_core =        0.0650501957136232
       KE =        8.3778626415691928
-------------------------------------
     Etot =      -17.2675264067089884
       TS =        0.0000000000000000
-------------------------------------
        F =      -17.2675264067089884

IonicMinimize: Iter:   0  F: -17.267526406708988  |grad|_K:  1.460e-02  t[s]:    407.02
IonicMinimize: None of the convergence criteria satisfied after 0 iterations.

#--- Lowdin population analysis ---
# oxidation-state H +0.432 +0.433
# magnetic-moments H -0.000 +0.000
# oxidation-state O -0.748
# magnetic-moments O +0.000


Dumping 'jdftx.fillings' ... done
Dumping 'jdftx.wfns' ... done
Dumping 'jdftx.force' ... done
Dumping 'jdftx.n_up' ... done
Dumping 'jdftx.n_dn' ... done
Dumping 'jdftx.tau_up' ... done
Dumping 'jdftx.tau_dn' ... done
Dumping 'jdftx.d_tot' ... done
Dumping 'jdftx.eigenvals' ... done
Dumping 'jdftx.bandProjections' ... done
Dumping 'jdftx.eigStats' ... 
	eMin: -0.928139 at state 359 ( [ +0.500000 -0.166667 -0.166667 ] spin -1 )
	HOMO: -0.262571 at state 138 ( [ +0.500000 -0.166667 +0.000000 ] spin 1 )
	mu  : -0.100000
	LUMO: -0.033273 at state 0 ( [ +0.000000 +0.000000 +0.000000 ] spin 1 )
	eMax: +0.099928 at state 129 ( [ +0.500000 +0.500000 +0.500000 ] spin 1 )
	HOMO-LUMO gap: +0.229299
	Optical gap  : +0.229299 at state 0 ( [ +0.000000 +0.000000 +0.000000 ] spin 1 )
Dumping 'jdftx.Ecomponents' ... done
Dumping 'jdftx.dosUp' ... done.
Dumping 'jdftx.dosDn' ... done.
End date and time: Fri Jan  3 07:57:17 2025  (Duration: 0-0:07:05.15)
Done!

PROFILER:             augmentDensityGrid     0.001981 +/-     0.003212 s,   76 calls,      0.150591 s total
PROFILER:         augmentDensityGridGrad     0.005630 +/-     0.001120 s,   44 calls,      0.247720 s total
PROFILER:        augmentDensitySpherical     0.000279 +/-     0.000044 s, 32832 calls,      9.149628 s total
PROFILER:    augmentDensitySphericalGrad     0.000290 +/-     0.000041 s, 27210 calls,      7.894067 s total
PROFILER:                 augmentOverlap     0.000332 +/-     0.000514 s, 64788 calls,     21.498451 s total
PROFILER:                     changeGrid     0.000169 +/-     0.000328 s, 44058 calls,      7.449514 s total
PROFILER:        ColumnBundle::randomize     0.052519 +/-     0.000964 s,  432 calls,     22.688194 s total
PROFILER:                     diagouterI     0.004386 +/-     0.005520 s, 17712 calls,     77.681648 s total
PROFILER:              EdensityAndVscloc     0.024334 +/-     0.017698 s,   39 calls,      0.949043 s total
PROFILER:                     EnlAndGrad     0.000412 +/-     0.000133 s, 33258 calls,     13.689732 s total
PROFILER:            ExCorrCommunication     0.000007 +/-     0.000007 s,  247 calls,      0.001635 s total
PROFILER:               ExCorrFunctional     0.000409 +/-     0.000178 s,   43 calls,      0.017582 s total
PROFILER:                    ExCorrTotal     0.018050 +/-     0.016213 s,   43 calls,      0.776155 s total
PROFILER:                   Idag_DiagV_I     0.006958 +/-     0.008029 s, 13173 calls,     91.651173 s total
PROFILER:                    inv(matrix)     0.000056 +/-     0.000003 s, 11232 calls,      0.624999 s total
PROFILER:            matrix::diagonalize     0.000167 +/-     0.000431 s, 29589 calls,      4.953606 s total
PROFILER:                    matrix::set     0.000011 +/-     0.000014 s, 120080 calls,      1.322587 s total
PROFILER:            orthoMatrix(matrix)     0.000211 +/-     0.000956 s, 15765 calls,      3.334271 s total
PROFILER:     RadialFunctionR::transform     0.005773 +/-     0.000496 s,   47 calls,      0.271314 s total
PROFILER:                    reduceKmesh     0.000019 +/-     0.000000 s,    1 calls,      0.000019 s total
PROFILER:   VanDerWaalsD3::energyAndGrad     0.061695 +/-     0.062007 s,    3 calls,      0.185084 s total
PROFILER:               WavefunctionDrag     1.034798 +/-     0.000000 s,    1 calls,      1.034798 s total
PROFILER:                            Y*M     0.000074 +/-     0.000211 s, 159377 calls,     11.777941 s total
PROFILER:                          Y1^Y2     0.000056 +/-     0.000276 s, 112728 calls,      6.296220 s total

MEMUSAGE:                   ColumnBundle    10.404682 GB
MEMUSAGE:        complexScalarFieldTilde     0.007629 GB
MEMUSAGE:                    IndexArrays     0.185583 GB
MEMUSAGE:                         matrix     0.014934 GB
MEMUSAGE:                           misc     0.005572 GB
MEMUSAGE:                    ScalarField     0.146650 GB
MEMUSAGE:               ScalarFieldTilde     0.049970 GB
MEMUSAGE:                          Total    10.756807 GB
